qp30ex3VLz5MDG1n91YowTv4Q8l7CDZL for bandit30

bandit29@bandit:/tmp/tmp.nish2$ git clone ssh://bandit29-git@localhost:2220/home/bandit29-git/repo
Cloning into 'repo'...
The authenticity of host '[localhost]:2220 ([127.0.0.1]:2220)' can't be established.
ED25519 key fingerprint is SHA256:C2ihUBV7ihnV1wUXRb4RrEcLfXC5CXlhmAAM/urerLY.
This key is not known by any other names.
Are you sure you want to continue connecting (yes/no/[fingerprint])? yes
Could not create directory '/home/bandit29/.ssh' (Permission denied).
Failed to add the host to the list of known hosts (/home/bandit29/.ssh/known_hosts).
                         _                     _ _ _   
                        | |__   __ _ _ __   __| (_) |_ 
                        | '_ \ / _` | '_ \ / _` | | __|
                        | |_) | (_| | | | | (_| | | |_ 
                        |_.__/ \__,_|_| |_|\__,_|_|\__|
                                                       

                      This is an OverTheWire game server. 
            More information on http://www.overthewire.org/wargames

bandit29-git@localhost's password: 
remote: Enumerating objects: 16, done.
remote: Counting objects: 100% (16/16), done.
remote: Compressing objects: 100% (11/11), done.
Receiving objects: 100% (16/16), 1.44 KiB | 1.44 MiB/s, done.
remote: Total 16 (delta 2), reused 0 (delta 0), pack-reused 0
Resolving deltas: 100% (2/2), done.
bandit29@bandit:/tmp/tmp.nish2$ cd repo/
bandit29@bandit:/tmp/tmp.nish2/repo$ ls -la
total 16
drwxrwxr-x 3 bandit29 bandit29 4096 Jun 22 17:16 .
drwxrwxr-x 3 bandit29 bandit29 4096 Jun 22 17:16 ..
drwxrwxr-x 8 bandit29 bandit29 4096 Jun 22 17:16 .git
-rw-rw-r-- 1 bandit29 bandit29  131 Jun 22 17:16 README.md
bandit29@bandit:/tmp/tmp.nish2/repo$ cat README.md 
# Bandit Notes
Some notes for bandit30 of bandit.

## credentials

- username: bandit30
- password: <no passwords in production!>

bandit29@bandit:/tmp/tmp.nish2/repo$ git branch -r
  origin/HEAD -> origin/master
  origin/dev
  origin/master
  origin/sploits-dev
bandit29@bandit:/tmp/tmp.nish2/repo$ git checkout dev
branch 'dev' set up to track 'origin/dev'.
Switched to a new branch 'dev'
bandit29@bandit:/tmp/tmp.nish2/repo$ cat README.md 
# Bandit Notes
Some notes for bandit30 of bandit.

## credentials

- username: bandit30
- password: qp30ex3VLz5MDG1n91YowTv4Q8l7CDZL

bandit29@bandit:/tmp/tmp.nish2/repo$ 