3O9RfhqyAlVBEZpVb6LYStshZoqoSx5K for bandit32

bandit31@bandit:/tmp/tmp.nish5$ git clone ssh://bandit31-git@localhost:2220/home/bandit31-git/repo
Cloning into 'repo'...
The authenticity of host '[localhost]:2220 ([127.0.0.1]:2220)' can't be established.
ED25519 key fingerprint is SHA256:C2ihUBV7ihnV1wUXRb4RrEcLfXC5CXlhmAAM/urerLY.
This key is not known by any other names.
Are you sure you want to continue connecting (yes/no/[fingerprint])? yes
Could not create directory '/home/bandit31/.ssh' (Permission denied).
Failed to add the host to the list of known hosts (/home/bandit31/.ssh/known_hosts).
                         _                     _ _ _   
                        | |__   __ _ _ __   __| (_) |_ 
                        | '_ \ / _` | '_ \ / _` | | __|
                        | |_) | (_| | | | | (_| | | |_ 
                        |_.__/ \__,_|_| |_|\__,_|_|\__|
                                                       

                      This is an OverTheWire game server. 
            More information on http://www.overthewire.org/wargames

bandit31-git@localhost's password: 
remote: Enumerating objects: 4, done.
remote: Counting objects: 100% (4/4), done.
remote: Compressing objects: 100% (3/3), done.
remote: Total 4 (delta 0), reused 0 (delta 0), pack-reused 0
Receiving objects: 100% (4/4), done.
bandit31@bandit:/tmp/tmp.nish5$ cd repo/
bandit31@bandit:/tmp/tmp.nish5/repo$ cat README.md 
This time your task is to push a file to the remote repository.

Details:
    File name: key.txt
    Content: 'May I come in?'
    Branch: master

bandit31@bandit:/tmp/tmp.nish5/repo$ echo "May I come in?" > key.txt
bandit31@bandit:/tmp/tmp.nish5/repo$ ls -la
total 24
drwxrwxr-x 3 bandit31 bandit31 4096 Jun 22 18:08 .
drwxrwxr-x 3 bandit31 bandit31 4096 Jun 22 18:07 ..
drwxrwxr-x 8 bandit31 bandit31 4096 Jun 22 18:07 .git
-rw-rw-r-- 1 bandit31 bandit31    6 Jun 22 18:07 .gitignore
-rw-rw-r-- 1 bandit31 bandit31   15 Jun 22 18:08 key.txt
-rw-rw-r-- 1 bandit31 bandit31  147 Jun 22 18:07 README.md
bandit31@bandit:/tmp/tmp.nish5/repo$ rm .gitignore 
bandit31@bandit:/tmp/tmp.nish5/repo$ git add .
bandit31@bandit:/tmp/tmp.nish5/repo$ git commit -m "Added key.txt"
[master a7df7dd] Added key.txt
 2 files changed, 1 insertion(+), 1 deletion(-)
 delete mode 100644 .gitignore
 create mode 100644 key.txt
bandit31@bandit:/tmp/tmp.nish5/repo$ git push origin master
The authenticity of host '[localhost]:2220 ([127.0.0.1]:2220)' can't be established.
ED25519 key fingerprint is SHA256:C2ihUBV7ihnV1wUXRb4RrEcLfXC5CXlhmAAM/urerLY.
This key is not known by any other names.
Are you sure you want to continue connecting (yes/no/[fingerprint])? yes
Could not create directory '/home/bandit31/.ssh' (Permission denied).
Failed to add the host to the list of known hosts (/home/bandit31/.ssh/known_hosts).
                         _                     _ _ _   
                        | |__   __ _ _ __   __| (_) |_ 
                        | '_ \ / _` | '_ \ / _` | | __|
                        | |_) | (_| | | | | (_| | | |_ 
                        |_.__/ \__,_|_| |_|\__,_|_|\__|
                                                       

                      This is an OverTheWire game server. 
            More information on http://www.overthewire.org/wargames

bandit31-git@localhost's password: 
Enumerating objects: 4, done.
Counting objects: 100% (4/4), done.
Delta compression using up to 2 threads
Compressing objects: 100% (2/2), done.
Writing objects: 100% (3/3), 288 bytes | 288.00 KiB/s, done.
Total 3 (delta 0), reused 0 (delta 0), pack-reused 0
remote: ### Attempting to validate files... ####
remote: 
remote: .oOo.oOo.oOo.oOo.oOo.oOo.oOo.oOo.oOo.oOo.
remote: 
remote: Well done! Here is the password for the next level:
remote: 3O9RfhqyAlVBEZpVb6LYStshZoqoSx5K 
remote: 
remote: .oOo.oOo.oOo.oOo.oOo.oOo.oOo.oOo.oOo.oOo.
remote: 
To ssh://localhost:2220/home/bandit31-git/repo
 ! [remote rejected] master -> master (pre-receive hook declined)
error: failed to push some refs to 'ssh://localhost:2220/home/bandit31-git/repo'
bandit31@bandit:/tmp/tmp.nish5/repo$